// Jest Snapshot v1, https://goo.gl/fbAQLP

exports[`Inserting game should add game 1`] = `"received is not a function"`;
